// Jest Snapshot v1, https://goo.gl/fbAQLP

exports[`TagList Should render as expected 1`] = `
<div>
  <code>
    css
  </code>
  <code>
    html
  </code>
  <code>
    python
  </code>
</div>
`;
