// Jest Snapshot v1, https://goo.gl/fbAQLP

exports[`QuestionDetail Component The Display element Should not regress 1`] = `[Function]`;
